FAIL type=f32 active=10 duplicate=0 threads=2 row=17 actual=nan reference=-58.4797
FAIL type=f32 active=10 duplicate=0 threads=3 row=17 actual=nan reference=-58.4797
FAIL type=f32 active=10 duplicate=0 threads=8 row=68 actual=nan reference=-17.2201
FAIL type=f32 active=2 duplicate=1 threads=2 row=17 actual=114.294 reference=16.2738
FAIL type=f32 active=2 duplicate=1 threads=3 row=17 actual=114.294 reference=16.2738
FAIL type=f32 active=2 duplicate=1 threads=8 row=17 actual=114.294 reference=16.2738
FAIL type=f32 active=2 duplicate=1 threads=10 row=17 actual=114.294 reference=16.2738
FAIL type=f32 active=2 duplicate=1 threads=14 row=17 actual=114.294 reference=16.2738
FAIL type=q5_K active=10 duplicate=0 threads=2 row=17 actual=nan reference=-58.6227
FAIL type=q5_K active=10 duplicate=0 threads=3 row=17 actual=nan reference=-58.6227
FAIL type=q5_K active=10 duplicate=0 threads=8 row=68 actual=nan reference=-17.1516
FAIL type=q5_K active=2 duplicate=1 threads=2 row=17 actual=114.377 reference=16.4493
FAIL type=q5_K active=2 duplicate=1 threads=3 row=17 actual=114.377 reference=16.4493
FAIL type=q5_K active=2 duplicate=1 threads=8 row=17 actual=114.377 reference=16.4493
FAIL type=q5_K active=2 duplicate=1 threads=10 row=17 actual=114.377 reference=16.4493
FAIL type=q5_K active=2 duplicate=1 threads=14 row=17 actual=114.377 reference=16.4493
FAIL: expert partition
[MMID_PROF #0] quant=0 us, barrier=0 us, gemm=1 us, total=1 us, nr0=17, ne00=256 (same_expert=3)
[MMID_PROF #1] quant=0 us, barrier=1 us, gemm=1 us, total=2 us, nr0=17, ne00=256 (same_expert=3)
[MMID_PROF #2] quant=0 us, barrier=1 us, gemm=1 us, total=2 us, nr0=17, ne00=256 (same_expert=3)
[MMID_PROF #3] quant=0 us, barrier=2 us, gemm=0 us, total=2 us, nr0=17, ne00=256 (same_expert=3)
[MMID_PROF #4] quant=0 us, barrier=3 us, gemm=1 us, total=4 us, nr0=17, ne00=256 (same_expert=3)
